--------------------------------------------------------------------------------
Release 14.7 Trace  (lin64)
Copyright (c) 1995-2013 Xilinx, Inc.  All rights reserved.

/opt/Xilinx/14.7/ISE_DS/ISE/bin/lin64/unwrapped/trce -intstyle ise -v 3 -s 3 -n
3 -fastpaths -xml test_cam.twx test_cam.ncd -o test_cam.twr test_cam.pcf

Design file:              test_cam.ncd
Physical constraint file: test_cam.pcf
Device,package,speed:     xc7a100t,csg324,C,-3 (PRODUCTION 1.10 2013-10-13)
Report level:             verbose report

Environment Variable      Effect 
--------------------      ------ 
NONE                      No environment variables were set
--------------------------------------------------------------------------------

INFO:Timing:3412 - To improve timing, see the Timing Closure User Guide (UG612).
INFO:Timing:2752 - To get complete path coverage, use the unconstrained paths 
   option. All paths that are not constrained will be reported in the 
   unconstrained paths section(s) of the report.
INFO:Timing:3339 - The clock-to-out numbers in this timing report are based on 
   a 50 Ohm transmission line loading model.  For the details of this model, 
   and for more information on accounting for different loading conditions, 
   please see the device datasheet.

================================================================================
Timing constraint: TS_sys_clk_pin = PERIOD TIMEGRP "sys_clk_pin" 100 MHz HIGH 
50%;
For more information, see Period Analysis in the Timing Closure User Guide (UG612).

 0 paths analyzed, 0 endpoints analyzed, 0 failing endpoints
 0 timing errors detected. (0 component switching limit errors)
 Minimum period is   4.000ns.
--------------------------------------------------------------------------------

Component Switching Limit Checks: TS_sys_clk_pin = PERIOD TIMEGRP "sys_clk_pin" 100 MHz HIGH 50%;
--------------------------------------------------------------------------------
Slack: 6.000ns (period - (min low pulse limit / (low pulse / period)))
  Period: 10.000ns
  Low pulse: 5.000ns
  Low pulse limit: 2.000ns (Tmmcmpw_CLKIN1_100_150)
  Physical resource: clk25_24/mmcm_adv_inst/CLKIN1
  Logical resource: clk25_24/mmcm_adv_inst/CLKIN1
  Location pin: MMCME2_ADV_X0Y0.CLKIN1
  Clock network: clk25_24/clkin1
--------------------------------------------------------------------------------
Slack: 6.000ns (period - (min high pulse limit / (high pulse / period)))
  Period: 10.000ns
  High pulse: 5.000ns
  High pulse limit: 2.000ns (Tmmcmpw_CLKIN1_100_150)
  Physical resource: clk25_24/mmcm_adv_inst/CLKIN1
  Logical resource: clk25_24/mmcm_adv_inst/CLKIN1
  Location pin: MMCME2_ADV_X0Y0.CLKIN1
  Clock network: clk25_24/clkin1
--------------------------------------------------------------------------------
Slack: 8.408ns (period - min period limit)
  Period: 10.000ns
  Min period limit: 1.592ns (628.141MHz) (Tbcper_I(Fmax))
  Physical resource: clk25_24/clkin1_buf/I0
  Logical resource: clk25_24/clkin1_buf/I0
  Location pin: BUFGCTRL_X0Y17.I0
  Clock network: clk_IBUFG
--------------------------------------------------------------------------------

================================================================================
Timing constraint: TS_clk25_24_clkout0 = PERIOD TIMEGRP "clk25_24_clkout0" 
TS_sys_clk_pin * 0.25         HIGH 50%;
For more information, see Period Analysis in the Timing Closure User Guide (UG612).

 33827 paths analyzed, 297 endpoints analyzed, 0 failing endpoints
 0 timing errors detected. (0 setup errors, 0 hold errors, 0 component switching limit errors)
 Minimum period is   6.724ns.
--------------------------------------------------------------------------------

Paths for end point DP_RAM/Mram_ram2 (RAMB36_X3Y25.ADDRBWRADDRL13), 422 paths
--------------------------------------------------------------------------------
Slack (setup path):     33.276ns (requirement - (data path - clock path skew + uncertainty))
  Source:               VGA640x480/countY_3 (FF)
  Destination:          DP_RAM/Mram_ram2 (RAM)
  Requirement:          40.000ns
  Data Path Delay:      6.706ns (Levels of Logic = 5)
  Clock Path Skew:      0.064ns (0.663 - 0.599)
  Source Clock:         clk25M rising at 0.000ns
  Destination Clock:    clk25M rising at 40.000ns
  Clock Uncertainty:    0.082ns

  Clock Uncertainty:          0.082ns  ((TSJ^2 + DJ^2)^1/2) / 2 + PE
    Total System Jitter (TSJ):  0.070ns
    Discrete Jitter (DJ):       0.148ns
    Phase Error (PE):           0.000ns

  Maximum Data Path at Slow Process Corner: VGA640x480/countY_3 to DP_RAM/Mram_ram2
    Location                    Delay type         Delay(ns)  Physical Resource
                                                              Logical Resource(s)
    --------------------------------------------------------  -------------------
    SLICE_X61Y131.DQ            Tcko                  0.341   VGA640x480/countY<3>
                                                              VGA640x480/countY_3
    SLICE_X63Y132.A1            net (fanout=17)       0.869   VGA640x480/countY<3>
    SLICE_X63Y132.AMUX          Tilo                  0.243   N7
                                                              Maddsub_n0029_Madd1_xor<8>11
    SLICE_X62Y132.D2            net (fanout=1)        0.499   Maddsub_n0029_Madd_111
    SLICE_X62Y132.COUT          Topcyd                0.381   Maddsub_n0029_Madd3_cy<10>
                                                              Maddsub_n0029_Madd3_lut<10>
                                                              Maddsub_n0029_Madd3_cy<10>
    SLICE_X62Y133.CIN           net (fanout=1)        0.000   Maddsub_n0029_Madd3_cy<10>
    SLICE_X62Y133.AMUX          Tcina                 0.269   Maddsub_n0029_14
                                                              Maddsub_n0029_Madd3_xor<13>
    SLICE_X67Y133.B1            net (fanout=1)        0.699   Maddsub_n0029_12
    SLICE_X67Y133.CMUX          Topbc                 0.662   n0023<14>
                                                              Maddsub_n0029_12_rt
                                                              Maddsub_n0029_Madd_xor<14>
    SLICE_X66Y133.C2            net (fanout=1)        0.586   n0023<13>
    SLICE_X66Y133.CMUX          Tilo                  0.242   DP_RAM_addr_out<14>
                                                              Mmux_DP_RAM_addr_out51
    RAMB36_X3Y25.ADDRBWRADDRL13 net (fanout=16)       1.473   DP_RAM_addr_out<13>
    RAMB36_X3Y25.CLKBWRCLKL     Trcck_ADDRB           0.442   DP_RAM/Mram_ram2
                                                              DP_RAM/Mram_ram2
    --------------------------------------------------------  ---------------------------
    Total                                             6.706ns (2.580ns logic, 4.126ns route)
                                                              (38.5% logic, 61.5% route)

--------------------------------------------------------------------------------
Slack (setup path):     33.434ns (requirement - (data path - clock path skew + uncertainty))
  Source:               VGA640x480/countY_5 (FF)
  Destination:          DP_RAM/Mram_ram2 (RAM)
  Requirement:          40.000ns
  Data Path Delay:      6.547ns (Levels of Logic = 5)
  Clock Path Skew:      0.063ns (0.663 - 0.600)
  Source Clock:         clk25M rising at 0.000ns
  Destination Clock:    clk25M rising at 40.000ns
  Clock Uncertainty:    0.082ns

  Clock Uncertainty:          0.082ns  ((TSJ^2 + DJ^2)^1/2) / 2 + PE
    Total System Jitter (TSJ):  0.070ns
    Discrete Jitter (DJ):       0.148ns
    Phase Error (PE):           0.000ns

  Maximum Data Path at Slow Process Corner: VGA640x480/countY_5 to DP_RAM/Mram_ram2
    Location                    Delay type         Delay(ns)  Physical Resource
                                                              Logical Resource(s)
    --------------------------------------------------------  -------------------
    SLICE_X61Y132.BQ            Tcko                  0.341   VGA640x480/countY<7>
                                                              VGA640x480/countY_5
    SLICE_X63Y132.A2            net (fanout=6)        0.714   VGA640x480/countY<5>
    SLICE_X63Y132.AMUX          Tilo                  0.239   N7
                                                              Maddsub_n0029_Madd1_xor<8>11
    SLICE_X62Y132.D2            net (fanout=1)        0.499   Maddsub_n0029_Madd_111
    SLICE_X62Y132.COUT          Topcyd                0.381   Maddsub_n0029_Madd3_cy<10>
                                                              Maddsub_n0029_Madd3_lut<10>
                                                              Maddsub_n0029_Madd3_cy<10>
    SLICE_X62Y133.CIN           net (fanout=1)        0.000   Maddsub_n0029_Madd3_cy<10>
    SLICE_X62Y133.AMUX          Tcina                 0.269   Maddsub_n0029_14
                                                              Maddsub_n0029_Madd3_xor<13>
    SLICE_X67Y133.B1            net (fanout=1)        0.699   Maddsub_n0029_12
    SLICE_X67Y133.CMUX          Topbc                 0.662   n0023<14>
                                                              Maddsub_n0029_12_rt
                                                              Maddsub_n0029_Madd_xor<14>
    SLICE_X66Y133.C2            net (fanout=1)        0.586   n0023<13>
    SLICE_X66Y133.CMUX          Tilo                  0.242   DP_RAM_addr_out<14>
                                                              Mmux_DP_RAM_addr_out51
    RAMB36_X3Y25.ADDRBWRADDRL13 net (fanout=16)       1.473   DP_RAM_addr_out<13>
    RAMB36_X3Y25.CLKBWRCLKL     Trcck_ADDRB           0.442   DP_RAM/Mram_ram2
                                                              DP_RAM/Mram_ram2
    --------------------------------------------------------  ---------------------------
    Total                                             6.547ns (2.576ns logic, 3.971ns route)
                                                              (39.3% logic, 60.7% route)

--------------------------------------------------------------------------------
Slack (setup path):     33.461ns (requirement - (data path - clock path skew + uncertainty))
  Source:               VGA640x480/countY_4 (FF)
  Destination:          DP_RAM/Mram_ram2 (RAM)
  Requirement:          40.000ns
  Data Path Delay:      6.520ns (Levels of Logic = 5)
  Clock Path Skew:      0.063ns (0.663 - 0.600)
  Source Clock:         clk25M rising at 0.000ns
  Destination Clock:    clk25M rising at 40.000ns
  Clock Uncertainty:    0.082ns

  Clock Uncertainty:          0.082ns  ((TSJ^2 + DJ^2)^1/2) / 2 + PE
    Total System Jitter (TSJ):  0.070ns
    Discrete Jitter (DJ):       0.148ns
    Phase Error (PE):           0.000ns

  Maximum Data Path at Slow Process Corner: VGA640x480/countY_4 to DP_RAM/Mram_ram2
    Location                    Delay type         Delay(ns)  Physical Resource
                                                              Logical Resource(s)
    --------------------------------------------------------  -------------------
    SLICE_X61Y132.AQ            Tcko                  0.341   VGA640x480/countY<7>
                                                              VGA640x480/countY_4
    SLICE_X63Y132.A3            net (fanout=7)        0.673   VGA640x480/countY<4>
    SLICE_X63Y132.AMUX          Tilo                  0.253   N7
                                                              Maddsub_n0029_Madd1_xor<8>11
    SLICE_X62Y132.D2            net (fanout=1)        0.499   Maddsub_n0029_Madd_111
    SLICE_X62Y132.COUT          Topcyd                0.381   Maddsub_n0029_Madd3_cy<10>
                                                              Maddsub_n0029_Madd3_lut<10>
                                                              Maddsub_n0029_Madd3_cy<10>
    SLICE_X62Y133.CIN           net (fanout=1)        0.000   Maddsub_n0029_Madd3_cy<10>
    SLICE_X62Y133.AMUX          Tcina                 0.269   Maddsub_n0029_14
                                                              Maddsub_n0029_Madd3_xor<13>
    SLICE_X67Y133.B1            net (fanout=1)        0.699   Maddsub_n0029_12
    SLICE_X67Y133.CMUX          Topbc                 0.662   n0023<14>
                                                              Maddsub_n0029_12_rt
                                                              Maddsub_n0029_Madd_xor<14>
    SLICE_X66Y133.C2            net (fanout=1)        0.586   n0023<13>
    SLICE_X66Y133.CMUX          Tilo                  0.242   DP_RAM_addr_out<14>
                                                              Mmux_DP_RAM_addr_out51
    RAMB36_X3Y25.ADDRBWRADDRL13 net (fanout=16)       1.473   DP_RAM_addr_out<13>
    RAMB36_X3Y25.CLKBWRCLKL     Trcck_ADDRB           0.442   DP_RAM/Mram_ram2
                                                              DP_RAM/Mram_ram2
    --------------------------------------------------------  ---------------------------
    Total                                             6.520ns (2.590ns logic, 3.930ns route)
                                                              (39.7% logic, 60.3% route)

--------------------------------------------------------------------------------

Paths for end point DP_RAM/Mram_ram2 (RAMB36_X3Y25.ADDRBWRADDRU13), 422 paths
--------------------------------------------------------------------------------
Slack (setup path):     33.276ns (requirement - (data path - clock path skew + uncertainty))
  Source:               VGA640x480/countY_3 (FF)
  Destination:          DP_RAM/Mram_ram2 (RAM)
  Requirement:          40.000ns
  Data Path Delay:      6.706ns (Levels of Logic = 5)
  Clock Path Skew:      0.064ns (0.663 - 0.599)
  Source Clock:         clk25M rising at 0.000ns
  Destination Clock:    clk25M rising at 40.000ns
  Clock Uncertainty:    0.082ns

  Clock Uncertainty:          0.082ns  ((TSJ^2 + DJ^2)^1/2) / 2 + PE
    Total System Jitter (TSJ):  0.070ns
    Discrete Jitter (DJ):       0.148ns
    Phase Error (PE):           0.000ns

  Maximum Data Path at Slow Process Corner: VGA640x480/countY_3 to DP_RAM/Mram_ram2
    Location                    Delay type         Delay(ns)  Physical Resource
                                                              Logical Resource(s)
    --------------------------------------------------------  -------------------
    SLICE_X61Y131.DQ            Tcko                  0.341   VGA640x480/countY<3>
                                                              VGA640x480/countY_3
    SLICE_X63Y132.A1            net (fanout=17)       0.869   VGA640x480/countY<3>
    SLICE_X63Y132.AMUX          Tilo                  0.243   N7
                                                              Maddsub_n0029_Madd1_xor<8>11
    SLICE_X62Y132.D2            net (fanout=1)        0.499   Maddsub_n0029_Madd_111
    SLICE_X62Y132.COUT          Topcyd                0.381   Maddsub_n0029_Madd3_cy<10>
                                                              Maddsub_n0029_Madd3_lut<10>
                                                              Maddsub_n0029_Madd3_cy<10>
    SLICE_X62Y133.CIN           net (fanout=1)        0.000   Maddsub_n0029_Madd3_cy<10>
    SLICE_X62Y133.AMUX          Tcina                 0.269   Maddsub_n0029_14
                                                              Maddsub_n0029_Madd3_xor<13>
    SLICE_X67Y133.B1            net (fanout=1)        0.699   Maddsub_n0029_12
    SLICE_X67Y133.CMUX          Topbc                 0.662   n0023<14>
                                                              Maddsub_n0029_12_rt
                                                              Maddsub_n0029_Madd_xor<14>
    SLICE_X66Y133.C2            net (fanout=1)        0.586   n0023<13>
    SLICE_X66Y133.CMUX          Tilo                  0.242   DP_RAM_addr_out<14>
                                                              Mmux_DP_RAM_addr_out51
    RAMB36_X3Y25.ADDRBWRADDRU13 net (fanout=16)       1.473   DP_RAM_addr_out<13>
    RAMB36_X3Y25.CLKBWRCLKU     Trcck_ADDRB           0.442   DP_RAM/Mram_ram2
                                                              DP_RAM/Mram_ram2
    --------------------------------------------------------  ---------------------------
    Total                                             6.706ns (2.580ns logic, 4.126ns route)
                                                              (38.5% logic, 61.5% route)

--------------------------------------------------------------------------------
Slack (setup path):     33.434ns (requirement - (data path - clock path skew + uncertainty))
  Source:               VGA640x480/countY_5 (FF)
  Destination:          DP_RAM/Mram_ram2 (RAM)
  Requirement:          40.000ns
  Data Path Delay:      6.547ns (Levels of Logic = 5)
  Clock Path Skew:      0.063ns (0.663 - 0.600)
  Source Clock:         clk25M rising at 0.000ns
  Destination Clock:    clk25M rising at 40.000ns
  Clock Uncertainty:    0.082ns

  Clock Uncertainty:          0.082ns  ((TSJ^2 + DJ^2)^1/2) / 2 + PE
    Total System Jitter (TSJ):  0.070ns
    Discrete Jitter (DJ):       0.148ns
    Phase Error (PE):           0.000ns

  Maximum Data Path at Slow Process Corner: VGA640x480/countY_5 to DP_RAM/Mram_ram2
    Location                    Delay type         Delay(ns)  Physical Resource
                                                              Logical Resource(s)
    --------------------------------------------------------  -------------------
    SLICE_X61Y132.BQ            Tcko                  0.341   VGA640x480/countY<7>
                                                              VGA640x480/countY_5
    SLICE_X63Y132.A2            net (fanout=6)        0.714   VGA640x480/countY<5>
    SLICE_X63Y132.AMUX          Tilo                  0.239   N7
                                                              Maddsub_n0029_Madd1_xor<8>11
    SLICE_X62Y132.D2            net (fanout=1)        0.499   Maddsub_n0029_Madd_111
    SLICE_X62Y132.COUT          Topcyd                0.381   Maddsub_n0029_Madd3_cy<10>
                                                              Maddsub_n0029_Madd3_lut<10>
                                                              Maddsub_n0029_Madd3_cy<10>
    SLICE_X62Y133.CIN           net (fanout=1)        0.000   Maddsub_n0029_Madd3_cy<10>
    SLICE_X62Y133.AMUX          Tcina                 0.269   Maddsub_n0029_14
                                                              Maddsub_n0029_Madd3_xor<13>
    SLICE_X67Y133.B1            net (fanout=1)        0.699   Maddsub_n0029_12
    SLICE_X67Y133.CMUX          Topbc                 0.662   n0023<14>
                                                              Maddsub_n0029_12_rt
                                                              Maddsub_n0029_Madd_xor<14>
    SLICE_X66Y133.C2            net (fanout=1)        0.586   n0023<13>
    SLICE_X66Y133.CMUX          Tilo                  0.242   DP_RAM_addr_out<14>
                                                              Mmux_DP_RAM_addr_out51
    RAMB36_X3Y25.ADDRBWRADDRU13 net (fanout=16)       1.473   DP_RAM_addr_out<13>
    RAMB36_X3Y25.CLKBWRCLKU     Trcck_ADDRB           0.442   DP_RAM/Mram_ram2
                                                              DP_RAM/Mram_ram2
    --------------------------------------------------------  ---------------------------
    Total                                             6.547ns (2.576ns logic, 3.971ns route)
                                                              (39.3% logic, 60.7% route)

--------------------------------------------------------------------------------
Slack (setup path):     33.461ns (requirement - (data path - clock path skew + uncertainty))
  Source:               VGA640x480/countY_4 (FF)
  Destination:          DP_RAM/Mram_ram2 (RAM)
  Requirement:          40.000ns
  Data Path Delay:      6.520ns (Levels of Logic = 5)
  Clock Path Skew:      0.063ns (0.663 - 0.600)
  Source Clock:         clk25M rising at 0.000ns
  Destination Clock:    clk25M rising at 40.000ns
  Clock Uncertainty:    0.082ns

  Clock Uncertainty:          0.082ns  ((TSJ^2 + DJ^2)^1/2) / 2 + PE
    Total System Jitter (TSJ):  0.070ns
    Discrete Jitter (DJ):       0.148ns
    Phase Error (PE):           0.000ns

  Maximum Data Path at Slow Process Corner: VGA640x480/countY_4 to DP_RAM/Mram_ram2
    Location                    Delay type         Delay(ns)  Physical Resource
                                                              Logical Resource(s)
    --------------------------------------------------------  -------------------
    SLICE_X61Y132.AQ            Tcko                  0.341   VGA640x480/countY<7>
                                                              VGA640x480/countY_4
    SLICE_X63Y132.A3            net (fanout=7)        0.673   VGA640x480/countY<4>
    SLICE_X63Y132.AMUX          Tilo                  0.253   N7
                                                              Maddsub_n0029_Madd1_xor<8>11
    SLICE_X62Y132.D2            net (fanout=1)        0.499   Maddsub_n0029_Madd_111
    SLICE_X62Y132.COUT          Topcyd                0.381   Maddsub_n0029_Madd3_cy<10>
                                                              Maddsub_n0029_Madd3_lut<10>
                                                              Maddsub_n0029_Madd3_cy<10>
    SLICE_X62Y133.CIN           net (fanout=1)        0.000   Maddsub_n0029_Madd3_cy<10>
    SLICE_X62Y133.AMUX          Tcina                 0.269   Maddsub_n0029_14
                                                              Maddsub_n0029_Madd3_xor<13>
    SLICE_X67Y133.B1            net (fanout=1)        0.699   Maddsub_n0029_12
    SLICE_X67Y133.CMUX          Topbc                 0.662   n0023<14>
                                                              Maddsub_n0029_12_rt
                                                              Maddsub_n0029_Madd_xor<14>
    SLICE_X66Y133.C2            net (fanout=1)        0.586   n0023<13>
    SLICE_X66Y133.CMUX          Tilo                  0.242   DP_RAM_addr_out<14>
                                                              Mmux_DP_RAM_addr_out51
    RAMB36_X3Y25.ADDRBWRADDRU13 net (fanout=16)       1.473   DP_RAM_addr_out<13>
    RAMB36_X3Y25.CLKBWRCLKU     Trcck_ADDRB           0.442   DP_RAM/Mram_ram2
                                                              DP_RAM/Mram_ram2
    --------------------------------------------------------  ---------------------------
    Total                                             6.520ns (2.590ns logic, 3.930ns route)
                                                              (39.7% logic, 60.3% route)

--------------------------------------------------------------------------------

Paths for end point DP_RAM/Mram_ram5 (RAMB36_X2Y25.ADDRBWRADDRL13), 422 paths
--------------------------------------------------------------------------------
Slack (setup path):     33.505ns (requirement - (data path - clock path skew + uncertainty))
  Source:               VGA640x480/countY_3 (FF)
  Destination:          DP_RAM/Mram_ram5 (RAM)
  Requirement:          40.000ns
  Data Path Delay:      6.469ns (Levels of Logic = 5)
  Clock Path Skew:      0.056ns (0.655 - 0.599)
  Source Clock:         clk25M rising at 0.000ns
  Destination Clock:    clk25M rising at 40.000ns
  Clock Uncertainty:    0.082ns

  Clock Uncertainty:          0.082ns  ((TSJ^2 + DJ^2)^1/2) / 2 + PE
    Total System Jitter (TSJ):  0.070ns
    Discrete Jitter (DJ):       0.148ns
    Phase Error (PE):           0.000ns

  Maximum Data Path at Slow Process Corner: VGA640x480/countY_3 to DP_RAM/Mram_ram5
    Location                    Delay type         Delay(ns)  Physical Resource
                                                              Logical Resource(s)
    --------------------------------------------------------  -------------------
    SLICE_X61Y131.DQ            Tcko                  0.341   VGA640x480/countY<3>
                                                              VGA640x480/countY_3
    SLICE_X63Y132.A1            net (fanout=17)       0.869   VGA640x480/countY<3>
    SLICE_X63Y132.AMUX          Tilo                  0.243   N7
                                                              Maddsub_n0029_Madd1_xor<8>11
    SLICE_X62Y132.D2            net (fanout=1)        0.499   Maddsub_n0029_Madd_111
    SLICE_X62Y132.COUT          Topcyd                0.381   Maddsub_n0029_Madd3_cy<10>
                                                              Maddsub_n0029_Madd3_lut<10>
                                                              Maddsub_n0029_Madd3_cy<10>
    SLICE_X62Y133.CIN           net (fanout=1)        0.000   Maddsub_n0029_Madd3_cy<10>
    SLICE_X62Y133.AMUX          Tcina                 0.269   Maddsub_n0029_14
                                                              Maddsub_n0029_Madd3_xor<13>
    SLICE_X67Y133.B1            net (fanout=1)        0.699   Maddsub_n0029_12
    SLICE_X67Y133.CMUX          Topbc                 0.662   n0023<14>
                                                              Maddsub_n0029_12_rt
                                                              Maddsub_n0029_Madd_xor<14>
    SLICE_X66Y133.C2            net (fanout=1)        0.586   n0023<13>
    SLICE_X66Y133.CMUX          Tilo                  0.242   DP_RAM_addr_out<14>
                                                              Mmux_DP_RAM_addr_out51
    RAMB36_X2Y25.ADDRBWRADDRL13 net (fanout=16)       1.236   DP_RAM_addr_out<13>
    RAMB36_X2Y25.CLKBWRCLKL     Trcck_ADDRB           0.442   DP_RAM/Mram_ram5
                                                              DP_RAM/Mram_ram5
    --------------------------------------------------------  ---------------------------
    Total                                             6.469ns (2.580ns logic, 3.889ns route)
                                                              (39.9% logic, 60.1% route)

--------------------------------------------------------------------------------
Slack (setup path):     33.663ns (requirement - (data path - clock path skew + uncertainty))
  Source:               VGA640x480/countY_5 (FF)
  Destination:          DP_RAM/Mram_ram5 (RAM)
  Requirement:          40.000ns
  Data Path Delay:      6.310ns (Levels of Logic = 5)
  Clock Path Skew:      0.055ns (0.655 - 0.600)
  Source Clock:         clk25M rising at 0.000ns
  Destination Clock:    clk25M rising at 40.000ns
  Clock Uncertainty:    0.082ns

  Clock Uncertainty:          0.082ns  ((TSJ^2 + DJ^2)^1/2) / 2 + PE
    Total System Jitter (TSJ):  0.070ns
    Discrete Jitter (DJ):       0.148ns
    Phase Error (PE):           0.000ns

  Maximum Data Path at Slow Process Corner: VGA640x480/countY_5 to DP_RAM/Mram_ram5
    Location                    Delay type         Delay(ns)  Physical Resource
                                                              Logical Resource(s)
    --------------------------------------------------------  -------------------
    SLICE_X61Y132.BQ            Tcko                  0.341   VGA640x480/countY<7>
                                                              VGA640x480/countY_5
    SLICE_X63Y132.A2            net (fanout=6)        0.714   VGA640x480/countY<5>
    SLICE_X63Y132.AMUX          Tilo                  0.239   N7
                                                              Maddsub_n0029_Madd1_xor<8>11
    SLICE_X62Y132.D2            net (fanout=1)        0.499   Maddsub_n0029_Madd_111
    SLICE_X62Y132.COUT          Topcyd                0.381   Maddsub_n0029_Madd3_cy<10>
                                                              Maddsub_n0029_Madd3_lut<10>
                                                              Maddsub_n0029_Madd3_cy<10>
    SLICE_X62Y133.CIN           net (fanout=1)        0.000   Maddsub_n0029_Madd3_cy<10>
    SLICE_X62Y133.AMUX          Tcina                 0.269   Maddsub_n0029_14
                                                              Maddsub_n0029_Madd3_xor<13>
    SLICE_X67Y133.B1            net (fanout=1)        0.699   Maddsub_n0029_12
    SLICE_X67Y133.CMUX          Topbc                 0.662   n0023<14>
                                                              Maddsub_n0029_12_rt
                                                              Maddsub_n0029_Madd_xor<14>
    SLICE_X66Y133.C2            net (fanout=1)        0.586   n0023<13>
    SLICE_X66Y133.CMUX          Tilo                  0.242   DP_RAM_addr_out<14>
                                                              Mmux_DP_RAM_addr_out51
    RAMB36_X2Y25.ADDRBWRADDRL13 net (fanout=16)       1.236   DP_RAM_addr_out<13>
    RAMB36_X2Y25.CLKBWRCLKL     Trcck_ADDRB           0.442   DP_RAM/Mram_ram5
                                                              DP_RAM/Mram_ram5
    --------------------------------------------------------  ---------------------------
    Total                                             6.310ns (2.576ns logic, 3.734ns route)
                                                              (40.8% logic, 59.2% route)

--------------------------------------------------------------------------------
Slack (setup path):     33.690ns (requirement - (data path - clock path skew + uncertainty))
  Source:               VGA640x480/countY_4 (FF)
  Destination:          DP_RAM/Mram_ram5 (RAM)
  Requirement:          40.000ns
  Data Path Delay:      6.283ns (Levels of Logic = 5)
  Clock Path Skew:      0.055ns (0.655 - 0.600)
  Source Clock:         clk25M rising at 0.000ns
  Destination Clock:    clk25M rising at 40.000ns
  Clock Uncertainty:    0.082ns

  Clock Uncertainty:          0.082ns  ((TSJ^2 + DJ^2)^1/2) / 2 + PE
    Total System Jitter (TSJ):  0.070ns
    Discrete Jitter (DJ):       0.148ns
    Phase Error (PE):           0.000ns

  Maximum Data Path at Slow Process Corner: VGA640x480/countY_4 to DP_RAM/Mram_ram5
    Location                    Delay type         Delay(ns)  Physical Resource
                                                              Logical Resource(s)
    --------------------------------------------------------  -------------------
    SLICE_X61Y132.AQ            Tcko                  0.341   VGA640x480/countY<7>
                                                              VGA640x480/countY_4
    SLICE_X63Y132.A3            net (fanout=7)        0.673   VGA640x480/countY<4>
    SLICE_X63Y132.AMUX          Tilo                  0.253   N7
                                                              Maddsub_n0029_Madd1_xor<8>11
    SLICE_X62Y132.D2            net (fanout=1)        0.499   Maddsub_n0029_Madd_111
    SLICE_X62Y132.COUT          Topcyd                0.381   Maddsub_n0029_Madd3_cy<10>
                                                              Maddsub_n0029_Madd3_lut<10>
                                                              Maddsub_n0029_Madd3_cy<10>
    SLICE_X62Y133.CIN           net (fanout=1)        0.000   Maddsub_n0029_Madd3_cy<10>
    SLICE_X62Y133.AMUX          Tcina                 0.269   Maddsub_n0029_14
                                                              Maddsub_n0029_Madd3_xor<13>
    SLICE_X67Y133.B1            net (fanout=1)        0.699   Maddsub_n0029_12
    SLICE_X67Y133.CMUX          Topbc                 0.662   n0023<14>
                                                              Maddsub_n0029_12_rt
                                                              Maddsub_n0029_Madd_xor<14>
    SLICE_X66Y133.C2            net (fanout=1)        0.586   n0023<13>
    SLICE_X66Y133.CMUX          Tilo                  0.242   DP_RAM_addr_out<14>
                                                              Mmux_DP_RAM_addr_out51
    RAMB36_X2Y25.ADDRBWRADDRL13 net (fanout=16)       1.236   DP_RAM_addr_out<13>
    RAMB36_X2Y25.CLKBWRCLKL     Trcck_ADDRB           0.442   DP_RAM/Mram_ram5
                                                              DP_RAM/Mram_ram5
    --------------------------------------------------------  ---------------------------
    Total                                             6.283ns (2.590ns logic, 3.693ns route)
                                                              (41.2% logic, 58.8% route)

--------------------------------------------------------------------------------

Hold Paths: TS_clk25_24_clkout0 = PERIOD TIMEGRP "clk25_24_clkout0" TS_sys_clk_pin * 0.25
        HIGH 50%;
--------------------------------------------------------------------------------

Paths for end point VGA640x480/countY_0 (SLICE_X71Y131.B2), 1 path
--------------------------------------------------------------------------------
Slack (hold path):      0.322ns (requirement - (clock path skew + uncertainty - data path))
  Source:               VGA640x480/countY_0 (FF)
  Destination:          VGA640x480/countY_0 (FF)
  Requirement:          0.000ns
  Data Path Delay:      0.322ns (Levels of Logic = 1)
  Clock Path Skew:      0.000ns
  Source Clock:         clk25M rising at 40.000ns
  Destination Clock:    clk25M rising at 40.000ns
  Clock Uncertainty:    0.000ns

  Minimum Data Path at Fast Process Corner: VGA640x480/countY_0 to VGA640x480/countY_0
    Location             Delay type         Delay(ns)  Physical Resource
                                                       Logical Resource(s)
    -------------------------------------------------  -------------------
    SLICE_X71Y131.BQ     Tcko                  0.141   VGA640x480/countY<0>
                                                       VGA640x480/countY_0
    SLICE_X71Y131.B2     net (fanout=11)       0.242   VGA640x480/countY<0>
    SLICE_X71Y131.CLK    Tah         (-Th)     0.061   VGA640x480/countY<0>
                                                       VGA640x480/countY_0_dpot
                                                       VGA640x480/countY_0
    -------------------------------------------------  ---------------------------
    Total                                      0.322ns (0.080ns logic, 0.242ns route)
                                                       (24.8% logic, 75.2% route)

--------------------------------------------------------------------------------

Paths for end point VGA640x480/countY_3 (SLICE_X61Y131.D3), 1 path
--------------------------------------------------------------------------------
Slack (hold path):      0.335ns (requirement - (clock path skew + uncertainty - data path))
  Source:               VGA640x480/countY_3 (FF)
  Destination:          VGA640x480/countY_3 (FF)
  Requirement:          0.000ns
  Data Path Delay:      0.335ns (Levels of Logic = 1)
  Clock Path Skew:      0.000ns
  Source Clock:         clk25M rising at 40.000ns
  Destination Clock:    clk25M rising at 40.000ns
  Clock Uncertainty:    0.000ns

  Minimum Data Path at Fast Process Corner: VGA640x480/countY_3 to VGA640x480/countY_3
    Location             Delay type         Delay(ns)  Physical Resource
                                                       Logical Resource(s)
    -------------------------------------------------  -------------------
    SLICE_X61Y131.DQ     Tcko                  0.141   VGA640x480/countY<3>
                                                       VGA640x480/countY_3
    SLICE_X61Y131.D3     net (fanout=17)       0.191   VGA640x480/countY<3>
    SLICE_X61Y131.CLK    Tah         (-Th)    -0.003   VGA640x480/countY<3>
                                                       VGA640x480/countY<3>_rt
                                                       VGA640x480/Mcount_countY_cy<3>
                                                       VGA640x480/countY_3
    -------------------------------------------------  ---------------------------
    Total                                      0.335ns (0.144ns logic, 0.191ns route)
                                                       (43.0% logic, 57.0% route)

--------------------------------------------------------------------------------

Paths for end point VGA640x480/countY_7 (SLICE_X61Y132.D3), 1 path
--------------------------------------------------------------------------------
Slack (hold path):      0.335ns (requirement - (clock path skew + uncertainty - data path))
  Source:               VGA640x480/countY_7 (FF)
  Destination:          VGA640x480/countY_7 (FF)
  Requirement:          0.000ns
  Data Path Delay:      0.335ns (Levels of Logic = 1)
  Clock Path Skew:      0.000ns
  Source Clock:         clk25M rising at 40.000ns
  Destination Clock:    clk25M rising at 40.000ns
  Clock Uncertainty:    0.000ns

  Minimum Data Path at Fast Process Corner: VGA640x480/countY_7 to VGA640x480/countY_7
    Location             Delay type         Delay(ns)  Physical Resource
                                                       Logical Resource(s)
    -------------------------------------------------  -------------------
    SLICE_X61Y132.DQ     Tcko                  0.141   VGA640x480/countY<7>
                                                       VGA640x480/countY_7
    SLICE_X61Y132.D3     net (fanout=11)       0.191   VGA640x480/countY<7>
    SLICE_X61Y132.CLK    Tah         (-Th)    -0.003   VGA640x480/countY<7>
                                                       VGA640x480/countY<7>_rt
                                                       VGA640x480/Mcount_countY_cy<7>
                                                       VGA640x480/countY_7
    -------------------------------------------------  ---------------------------
    Total                                      0.335ns (0.144ns logic, 0.191ns route)
                                                       (43.0% logic, 57.0% route)

--------------------------------------------------------------------------------

Component Switching Limit Checks: TS_clk25_24_clkout0 = PERIOD TIMEGRP "clk25_24_clkout0" TS_sys_clk_pin * 0.25
        HIGH 50%;
--------------------------------------------------------------------------------
Slack: 38.038ns (period - min period limit)
  Period: 40.000ns
  Min period limit: 1.962ns (509.684MHz) (Trper_CLKB)
  Physical resource: DP_RAM/Mram_ram1/CLKBWRCLKL
  Logical resource: DP_RAM/Mram_ram1/CLKBWRCLKL
  Location pin: RAMB36_X2Y27.CLKBWRCLKL
  Clock network: clk25M
--------------------------------------------------------------------------------
Slack: 38.038ns (period - min period limit)
  Period: 40.000ns
  Min period limit: 1.962ns (509.684MHz) (Trper_CLK_WF_NC(FMAX_BRAM_WF_NC))
  Physical resource: DP_RAM/Mram_ram1/CLKBWRCLKU
  Logical resource: DP_RAM/Mram_ram1/CLKBWRCLKU
  Location pin: RAMB36_X2Y27.CLKBWRCLKU
  Clock network: clk25M
--------------------------------------------------------------------------------
Slack: 38.038ns (period - min period limit)
  Period: 40.000ns
  Min period limit: 1.962ns (509.684MHz) (Trper_CLKB)
  Physical resource: DP_RAM/Mram_ram2/CLKBWRCLKL
  Logical resource: DP_RAM/Mram_ram2/CLKBWRCLKL
  Location pin: RAMB36_X3Y25.CLKBWRCLKL
  Clock network: clk25M
--------------------------------------------------------------------------------


Derived Constraint Report
Derived Constraints for TS_sys_clk_pin
+-------------------------------+-------------+-------------+-------------+-------------+-------------+-------------+-------------+
|                               |   Period    |       Actual Period       |      Timing Errors        |      Paths Analyzed       |
|           Constraint          | Requirement |-------------+-------------|-------------+-------------|-------------+-------------|
|                               |             |   Direct    | Derivative  |   Direct    | Derivative  |   Direct    | Derivative  |
+-------------------------------+-------------+-------------+-------------+-------------+-------------+-------------+-------------+
|TS_sys_clk_pin                 |     10.000ns|      4.000ns|      1.681ns|            0|            0|            0|        33827|
| TS_clk25_24_clkout0           |     40.000ns|      6.724ns|          N/A|            0|            0|        33827|            0|
+-------------------------------+-------------+-------------+-------------+-------------+-------------+-------------+-------------+

All constraints were met.


Data Sheet report:
-----------------
All values displayed in nanoseconds (ns)

Clock to Setup on destination clock clk
---------------+---------+---------+---------+---------+
               | Src:Rise| Src:Fall| Src:Rise| Src:Fall|
Source Clock   |Dest:Rise|Dest:Rise|Dest:Fall|Dest:Fall|
---------------+---------+---------+---------+---------+
clk            |    6.724|         |         |         |
---------------+---------+---------+---------+---------+


Timing summary:
---------------

Timing errors: 0  Score: 0  (Setup/Max: 0, Hold: 0)

Constraints cover 33827 paths, 0 nets, and 496 connections

Design statistics:
   Minimum period:   6.724ns{1}   (Maximum frequency: 148.721MHz)


------------------------------------Footnotes-----------------------------------
1)  The minimum period statistic assumes all single cycle delays.

Analysis completed Thu Feb 13 08:43:00 2020 
--------------------------------------------------------------------------------

Trace Settings:
-------------------------
Trace Settings 

Peak Memory Usage: 776 MB



